============================= test session starts =============================
platform win32 -- Python 3.12.1, pytest-8.4.2, pluggy-1.5.0 -- C:\Program Files\Python312\python.exe
cachedir: .pytest_cache
hypothesis profile 'default'
PySide6 6.9.0 -- Qt runtime 6.9.0 -- Qt compiled 6.9.0
rootdir: C:\Users\funcr\Documents\GitHub\EvoLadderBot
plugins: anyio-4.4.0, Faker-33.1.0, hypothesis-6.139.2, langsmith-0.3.28, asyncio-1.2.0, cov-4.1.0, qt-4.5.0, requests-mock-1.12.1, typeguard-4.4.2
asyncio: mode=Mode.STRICT, debug=False, asyncio_default_fixture_loop_scope=None, asyncio_default_test_loop_scope=function
collecting ... collected 109 items

tests/characterize/test_core_logic.py::test_mmr_update_for_win_loss PASSED [  0%]
tests/characterize/test_core_logic.py::test_mmr_asymmetry_in_updates PASSED [  1%]
tests/characterize/test_core_logic.py::test_player_name_change_reflects_on_leaderboard PASSED [  2%]
tests/characterize/test_core_logic.py::test_leaderboard_service_propagates_das_failure PASSED [  3%]
tests/characterize/test_core_logic.py::test_view_manager_add_and_remove_cycle PASSED [  4%]
tests/characterize/test_core_logic.py::test_profile_for_player_with_no_matches PASSED [  5%]
tests/characterize/test_core_logic.py::test_matchmaking_assigns_default_mmr PASSED [  6%]
tests/characterize/test_core_logic.py::test_leaderboard_pagination_buttons_at_boundaries PASSED [  7%]
tests/characterize/test_core_logic.py::test_guard_service_blocks_user_without_tos PASSED [  8%]
tests/characterize/test_core_logic.py::test_abort_count_increments_and_decrements SKIPPED [  9%]
tests/characterize/test_core_logic.py::test_replay_upload_triggers_storage_service SKIPPED [ 10%]
tests/characterize/test_core_logic.py::test_das_update_player_reflects_in_get_player PASSED [ 11%]
tests/characterize/test_data_service.py::test_singleton_returns_same_instance PASSED [ 11%]
tests/characterize/test_data_service.py::test_singleton_concurrent_access SKIPPED [ 12%]
tests/characterize/test_data_service.py::test_memory_reads_are_instant SKIPPED [ 13%]
tests/characterize/test_data_service.py::test_writes_are_queued_not_blocking PASSED [ 14%]
tests/characterize/test_data_service.py::test_memory_updated_immediately_after_write SKIPPED [ 15%]
tests/characterize/test_data_service.py::test_concurrent_writes_to_same_player SKIPPED [ 16%]
tests/characterize/test_data_service.py::test_writes_are_queued_and_non_blocking PASSED [ 17%]
tests/characterize/test_data_service.py::test_failed_write_is_logged SKIPPED [ 18%]
tests/characterize/test_data_service.py::test_read_after_write_consistency PASSED [ 19%]
tests/characterize/test_leaderboard_cache_invalidation.py::TestCacheInvalidationOnMMRUpdate::test_cache_invalidated_on_mmr_update PASSED [ 20%]
tests/characterize/test_leaderboard_cache_invalidation.py::TestCacheInvalidationOnMMRUpdate::test_cache_invalidated_with_game_count_update PASSED [ 21%]
tests/characterize/test_leaderboard_cache_invalidation.py::TestCacheInvalidationOnMMRCreate::test_cache_invalidated_on_mmr_create_new_record PASSED [ 22%]
tests/characterize/test_leaderboard_cache_invalidation.py::TestCacheInvalidationOnMMRCreate::test_cache_invalidated_on_mmr_update_via_create_or_update PASSED [ 22%]
tests/characterize/test_leaderboard_cache_invalidation.py::TestCacheInvalidationOnAbort::test_cache_invalidated_on_match_abort PASSED [ 23%]
tests/characterize/test_leaderboard_cache_invalidation.py::TestCacheInvalidationOnMatchMMRChange::test_cache_invalidated_on_match_mmr_change PASSED [ 24%]
tests/characterize/test_leaderboard_cache_invalidation.py::TestCacheInvalidationNoFalsePositives::test_cache_invalidated_on_player_info_update PASSED [ 25%]
tests/characterize/test_leaderboard_cache_invalidation.py::TestCacheRefreshOnDemand::test_leaderboard_detects_invalid_cache_and_refreshes PASSED [ 26%]
tests/characterize/test_leaderboard_cache_invalidation.py::TestCacheInvalidationConcurrency::test_concurrent_mmr_updates_all_invalidate_cache PASSED [ 27%]
tests/characterize/test_leaderboard_cache_invalidation.py::TestCacheInvalidationConcurrency::test_cache_invalidation_is_idempotent PASSED [ 28%]
tests/characterize/test_match_flow.py::test_abort_is_symmetrical PASSED  [ 29%]
tests/characterize/test_match_flow.py::test_result_reporting_flow PASSED [ 30%]
tests/characterize/test_match_flow.py::test_conflicting_results_flow PASSED [ 31%]
tests/characterize/test_match_flow.py::test_replay_upload_flow PASSED    [ 32%]
tests/characterize/test_match_flow.py::test_invalid_replay_upload PASSED [ 33%]
tests/characterize/test_other_commands.py::test_leaderboard_command PASSED [ 33%]
tests/characterize/test_other_commands.py::test_leaderboard_empty_state PASSED [ 34%]
tests/characterize/test_other_commands.py::test_profile_command PASSED   [ 35%]
tests/characterize/test_other_commands.py::test_profile_for_new_player PASSED [ 36%]
tests/characterize/test_other_commands.py::test_help_command PASSED      [ 37%]
tests/characterize/test_other_commands.py::test_setup_command PASSED     [ 38%]
tests/characterize/test_other_commands.py::test_command_error_handling PASSED [ 39%]
tests/characterize/test_prune_flow.py::test_prune_sends_immediate_followup PASSED [ 40%]
tests/characterize/test_prune_flow.py::test_prune_handles_no_messages PASSED [ 41%]
tests/characterize/test_prune_flow.py::test_prune_protects_queue_messages PASSED [ 42%]
tests/characterize/test_prune_flow.py::test_prune_confirmation_flow PASSED [ 43%]
tests/characterize/test_prune_flow.py::test_prune_protects_active_queue_message PASSED [ 44%]
tests/characterize/test_prune_flow.py::test_prune_protects_very_old_queue_message PASSED [ 44%]
tests/characterize/test_queue_flow.py::test_queue_sends_initial_embed PASSED [ 45%]
tests/characterize/test_queue_flow.py::test_abort_notifies_both_players PASSED [ 46%]
tests/characterize/test_queue_flow.py::test_queue_view_stores_persistent_ids SKIPPED [ 47%]
tests/characterize/test_queue_flow.py::test_match_view_uses_persistent_ids_for_updates SKIPPED [ 48%]
tests/characterize/test_queue_flow.py::test_queue_view_cleanup_on_timeout PASSED [ 49%]
tests/characterize/test_queue_flow.py::test_cancel_queue_button_cleans_up PASSED [ 50%]
tests/characterize/test_queue_flow.py::test_player_cannot_double_queue PASSED [ 51%]
tests/characterize/test_race_conditions.py::test_abort_and_complete_race SKIPPED [ 52%]
tests/characterize/test_race_conditions.py::test_double_abort_is_idempotent SKIPPED [ 53%]
tests/characterize/test_race_conditions.py::test_concurrent_match_result_submissions PASSED [ 54%]
tests/characterize/test_race_conditions.py::test_queue_lock_concept PASSED [ 55%]
tests/characterize/test_race_conditions.py::test_player_queues_during_match_is_rejected PASSED [ 55%]
tests/characterize/test_race_conditions.py::test_abort_after_completion_is_rejected PASSED [ 56%]
tests/characterize/test_race_conditions.py::test_complete_after_abort_is_rejected PASSED [ 57%]
tests/characterize/test_race_conditions.py::test_record_result_after_completion_is_rejected PASSED [ 58%]
tests/characterize/test_startup_shutdown.py::test_startup_initializes_das PASSED [ 59%]
tests/characterize/test_startup_shutdown.py::test_das_loads_all_tables_on_init SKIPPED [ 60%]
tests/characterize/test_startup_shutdown.py::test_shutdown_flushes_write_queue SKIPPED [ 61%]
tests/characterize/test_startup_shutdown.py::test_startup_handles_database_connection_failure PASSED [ 62%]
tests/characterize/test_startup_shutdown.py::test_shutdown_handles_partial_write_failures SKIPPED [ 63%]
tests/characterize/test_synchronous_leaderboard_generation.py::TestSynchronousFilteringCorrectness::test_filter_function_returns_correct_types PASSED [ 64%]
tests/characterize/test_synchronous_leaderboard_generation.py::TestSynchronousFilteringCorrectness::test_country_filter_works PASSED [ 65%]
tests/characterize/test_synchronous_leaderboard_generation.py::TestSynchronousFilteringCorrectness::test_race_filter_works PASSED [ 66%]
tests/characterize/test_synchronous_leaderboard_generation.py::TestSynchronousFilteringCorrectness::test_multiple_filters_combined PASSED [ 66%]
tests/characterize/test_synchronous_leaderboard_generation.py::TestSynchronousFilteringCorrectness::test_rank_filter_works PASSED [ 67%]
tests/characterize/test_synchronous_leaderboard_generation.py::TestSynchronousFilteringCorrectness::test_best_race_only_deduplicates_by_player PASSED [ 68%]
tests/characterize/test_synchronous_leaderboard_generation.py::TestSynchronousFilteringCorrectness::test_no_filters_returns_all_data PASSED [ 69%]
tests/characterize/test_synchronous_leaderboard_generation.py::TestPaginationCorrectness::test_pagination_calculation_exact_fit PASSED [ 70%]
tests/characterize/test_synchronous_leaderboard_generation.py::TestPaginationCorrectness::test_pagination_calculation_with_remainder PASSED [ 71%]
tests/characterize/test_synchronous_leaderboard_generation.py::TestPaginationCorrectness::test_pagination_limits_to_25_pages_max PASSED [ 72%]
tests/characterize/test_synchronous_leaderboard_generation.py::TestDataIsProperlyOrdered::test_data_sorted_by_mmr_descending PASSED [ 73%]
tests/characterize/test_synchronous_leaderboard_generation.py::TestDataIsProperlyOrdered::test_tie_breaking_by_last_played PASSED [ 74%]
tests/characterize/test_synchronous_leaderboard_generation.py::TestAsyncBehavior::test_async_to_thread_integration PASSED [ 75%]
tests/characterize/test_synchronous_leaderboard_generation.py::TestAsyncBehavior::test_concurrent_requests_dont_block PASSED [ 76%]
tests/characterize/test_synchronous_leaderboard_generation.py::TestEdgeCases::test_empty_dataframe PASSED [ 77%]
tests/characterize/test_synchronous_leaderboard_generation.py::TestEdgeCases::test_single_player PASSED [ 77%]
tests/characterize/test_synchronous_leaderboard_generation.py::TestEdgeCases::test_filter_with_no_matches PASSED [ 78%]
tests/characterize/test_synchronous_leaderboard_generation.py::TestEdgeCases::test_page_size_one PASSED [ 79%]
tests/characterize/test_synchronous_leaderboard_generation.py::TestEdgeCases::test_large_page_size PASSED [ 80%]
tests/characterize/test_synchronous_leaderboard_generation.py::TestCacheIntegration::test_cache_invalid_triggers_refresh PASSED [ 81%]
tests/characterize/test_synchronous_leaderboard_generation.py::TestPerformance::test_filtering_completes_quickly PASSED [ 82%]
tests/characterize/test_synchronous_leaderboard_generation.py::TestPerformance::test_best_race_only_performance PASSED [ 83%]
tests/characterize/test_synchronous_leaderboard_generation.py::TestPerformance::test_large_dataset_handling PASSED [ 84%]
tests/characterize/test_ui_state.py::test_queue_view_race_and_map_selections PASSED [ 85%]
tests/characterize/test_ui_state.py::test_queue_view_clear_selections_button PASSED [ 86%]
tests/characterize/test_ui_state.py::test_setup_modal_prefills_with_existing_data PASSED [ 87%]
tests/characterize/test_ui_state.py::test_setup_view_country_region_interaction PASSED [ 88%]
tests/characterize/test_ui_state.py::test_leaderboard_filter_and_pagination PASSED [ 88%]
tests/characterize/test_ui_state.py::test_leaderboard_clear_filters_button PASSED [ 89%]
tests/characterize/test_ui_state.py::test_match_result_dropdown_progression PASSED [ 90%]
tests/characterize/test_ui_state.py::test_match_result_confirmation_workflow PASSED [ 91%]
tests/characterize/test_ui_state.py::test_abort_button_disables_after_timer PASSED [ 92%]
tests/characterize/test_ui_state.py::test_join_queue_button_rejects_without_race PASSED [ 93%]
tests/characterize/test_ui_state.py::test_queue_race_selection_mutual_exclusion PASSED [ 94%]
tests/characterize/test_ui_state.py::test_prune_command_protects_active_match_message PASSED [ 95%]
tests/characterize/test_ui_state.py::test_setup_error_view_restarts_flow PASSED [ 96%]
tests/characterize/test_ui_state.py::test_replay_upload_invalid_file_type SKIPPED [ 97%]
tests/characterize/test_ui_state.py::test_activate_command_flow PASSED   [ 98%]
tests/characterize/test_ui_state.py::test_prune_command_cancel_button PASSED [ 99%]
tests/characterize/test_ui_state.py::test_leaderboard_my_rank_button PASSED [100%]

============================== warnings summary ===============================
..\..\..\AppData\Roaming\Python\Python312\site-packages\discord\player.py:30
  C:\Users\funcr\AppData\Roaming\Python\Python312\site-packages\discord\player.py:30: DeprecationWarning: 'audioop' is deprecated and slated for removal in Python 3.13
    import audioop

-- Docs: https://docs.pytest.org/en/stable/how-to/capture-warnings.html
================== 94 passed, 15 skipped, 1 warning in 1.50s ==================
